// Vitest Snapshot v1, https://vitest.dev/guide/snapshot.html

exports[`Snapshot coverage for signature contexts > Foundation board key points snapshot 1`] = `
[
  "kp_fiduciary-duty-and-values-alignment",
  "kp_foundation_payout_discipline",
  "kp_mission_divestment_exposure_assessment",
  "kp_outcome_identity_alignment",
  "kp_outcome_mission_trust",
  "kp_strategy_internal_leadership",
]
`;
